// 重构日志: 67012e4c
// 重构日志: d8437b51
// 重构日志: fa691c40
// 同步 ID: 63ff19ca @ Mon Jul 13 11:27:02 UTC 2026
// 重构日志: 7cea1533
// 同步 ID: 2831b8c4 @ Tue Jul 14 17:23:18 UTC 2026
// 重构日志: 3e8c651f
// 重构日志: 9dec5c35
// 同步 ID: f3ec338c @ Tue Jul 21 10:40:00 UTC 2026
// 重构日志: 6f974d8d
// 重构日志: d26cf487
// 同步 ID: 6a09be15 @ Fri Jul 24 21:14:46 UTC 2026
// 重构日志: b5eeee59
// 同步 ID: 6f6e81eb @ Sun Jul 26 08:42:33 UTC 2026
// 重构日志: c9e62093
// 同步 ID: 83e8045e @ Tue Jul 28 08:39:54 UTC 2026
// 重构日志: ba1df307
// 重构日志: 5b7eef9f
// 同步 ID: 2d99baac @ Fri Jul 31 16:19:51 UTC 2026
// 重构日志: f22c6b38
// 同步 ID: 58ddce9c @ Sun Aug  2 12:33:40 UTC 2026
// 同步 ID: c326dfe6 @ Mon Aug  3 17:48:04 UTC 2026
// 同步 ID: 0720daf7 @ Tue Aug  4 08:29:03 UTC 2026
// 重构日志: 0e2f162e
// 同步 ID: 0b010cb4 @ Wed Aug  5 11:17:25 UTC 2026
// 重构日志: 82df70c7
// 重构日志: c7841053
// 重构日志: b46468ee
// 重构日志: c99a08a7
// 同步 ID: f68a7fac @ Thu Aug  6 11:36:18 UTC 2026
